Archive member included to satisfy reference by file (symbol)

q:/archivosx86/mplab compiler/avr/bin/../lib/gcc/avr/5.4.0/avr5/memx-const\libgcc.a(_copy_data.o)
                              Keyboard.o (__do_copy_data)
q:/archivosx86/mplab compiler/avr/bin/../lib/gcc/avr/5.4.0/../../../../avr/lib/avr5/memx-const\libc.a(exit.o)
                              Q:/Archivosx86/MicrochipStudio7/7.0/Packs/atmel/ATmega_DFP/1.7.374/xc8/avr/lib/avr5/memx-const/crtatmega16.o (exit)
q:/archivosx86/mplab compiler/avr/bin/../lib/gcc/avr/5.4.0/../../../../avr/lib/avr5/memx-const\libc.a(_Exit.o)
                              q:/archivosx86/mplab compiler/avr/bin/../lib/gcc/avr/5.4.0/../../../../avr/lib/avr5/memx-const\libc.a(exit.o) (_Exit)
q:/archivosx86/mplab compiler/avr/bin/../lib/gcc/avr/5.4.0/avr5/memx-const\libgcc.a(_exit.o)
                              q:/archivosx86/mplab compiler/avr/bin/../lib/gcc/avr/5.4.0/../../../../avr/lib/avr5/memx-const\libc.a(_Exit.o) (_exit)

Discarded input sections

 .data          0x0000000000000000        0x0 Q:/Archivosx86/MicrochipStudio7/7.0/Packs/atmel/ATmega_DFP/1.7.374/xc8/avr/lib/avr5/memx-const/crtatmega16.o
 .bss           0x0000000000000000        0x0 Q:/Archivosx86/MicrochipStudio7/7.0/Packs/atmel/ATmega_DFP/1.7.374/xc8/avr/lib/avr5/memx-const/crtatmega16.o
 .text          0x0000000000000000        0x0 Keyboard.o
 .data          0x0000000000000000        0x0 Keyboard.o
 .bss           0x0000000000000000        0x0 Keyboard.o
 .text          0x0000000000000000        0x0 LCD.o
 .data          0x0000000000000000        0x0 LCD.o
 .bss           0x0000000000000000        0x0 LCD.o
 .text.CURSOR_DER
                0x0000000000000000        0x8 LCD.o
 .text.CURSOR_IZQ
                0x0000000000000000        0x8 LCD.o
 .text.REGRESO_CASA
                0x0000000000000000        0x8 LCD.o
 .text.POS_LINEA3
                0x0000000000000000        0x8 LCD.o
 .text.POS_LINEA4
                0x0000000000000000        0x8 LCD.o
 .text.CURSOR_PARPADEO
                0x0000000000000000        0x8 LCD.o
 .text.DESPLAZAMIENTO_PIZQUIERDA
                0x0000000000000000        0x8 LCD.o
 .text.SIN_DESPLAZAMIENTO_INCREMENTO
                0x0000000000000000        0x8 LCD.o
 .text.CAR_ESP0
                0x0000000000000000       0xa4 LCD.o
 .text.CAR_ESP1
                0x0000000000000000       0xa4 LCD.o
 .text.CAR_ESP2
                0x0000000000000000       0xa4 LCD.o
 .text.CAR_ESP3
                0x0000000000000000       0xa4 LCD.o
 .text.CAR_ESP4
                0x0000000000000000       0xa4 LCD.o
 .text.CAR_ESP5
                0x0000000000000000       0xa4 LCD.o
 .text.CAR_ESP6
                0x0000000000000000       0xa4 LCD.o
 .text.CAR_ESP7
                0x0000000000000000       0xa4 LCD.o
 .text          0x0000000000000000        0x0 main.o
 .data          0x0000000000000000        0x0 main.o
 .bss           0x0000000000000000        0x0 main.o
 .text          0x0000000000000000        0x0 q:/archivosx86/mplab compiler/avr/bin/../lib/gcc/avr/5.4.0/avr5/memx-const\libgcc.a(_copy_data.o)
 .data          0x0000000000000000        0x0 q:/archivosx86/mplab compiler/avr/bin/../lib/gcc/avr/5.4.0/avr5/memx-const\libgcc.a(_copy_data.o)
 .bss           0x0000000000000000        0x0 q:/archivosx86/mplab compiler/avr/bin/../lib/gcc/avr/5.4.0/avr5/memx-const\libgcc.a(_copy_data.o)
 .text.libgcc.mul
                0x0000000000000000        0x0 q:/archivosx86/mplab compiler/avr/bin/../lib/gcc/avr/5.4.0/avr5/memx-const\libgcc.a(_copy_data.o)
 .text.libgcc.div
                0x0000000000000000        0x0 q:/archivosx86/mplab compiler/avr/bin/../lib/gcc/avr/5.4.0/avr5/memx-const\libgcc.a(_copy_data.o)
 .text.libgcc   0x0000000000000000        0x0 q:/archivosx86/mplab compiler/avr/bin/../lib/gcc/avr/5.4.0/avr5/memx-const\libgcc.a(_copy_data.o)
 .text.libgcc.prologue
                0x0000000000000000        0x0 q:/archivosx86/mplab compiler/avr/bin/../lib/gcc/avr/5.4.0/avr5/memx-const\libgcc.a(_copy_data.o)
 .text.libgcc.builtins
                0x0000000000000000        0x0 q:/archivosx86/mplab compiler/avr/bin/../lib/gcc/avr/5.4.0/avr5/memx-const\libgcc.a(_copy_data.o)
 .text.libgcc.fmul
                0x0000000000000000        0x0 q:/archivosx86/mplab compiler/avr/bin/../lib/gcc/avr/5.4.0/avr5/memx-const\libgcc.a(_copy_data.o)
 .text.libgcc.fixed
                0x0000000000000000        0x0 q:/archivosx86/mplab compiler/avr/bin/../lib/gcc/avr/5.4.0/avr5/memx-const\libgcc.a(_copy_data.o)
 .text          0x0000000000000000        0x0 q:/archivosx86/mplab compiler/avr/bin/../lib/gcc/avr/5.4.0/../../../../avr/lib/avr5/memx-const\libc.a(exit.o)
 .data          0x0000000000000000        0x0 q:/archivosx86/mplab compiler/avr/bin/../lib/gcc/avr/5.4.0/../../../../avr/lib/avr5/memx-const\libc.a(exit.o)
 .bss           0x0000000000000000        0x0 q:/archivosx86/mplab compiler/avr/bin/../lib/gcc/avr/5.4.0/../../../../avr/lib/avr5/memx-const\libc.a(exit.o)
 .text          0x0000000000000000        0x0 q:/archivosx86/mplab compiler/avr/bin/../lib/gcc/avr/5.4.0/../../../../avr/lib/avr5/memx-const\libc.a(_Exit.o)
 .data          0x0000000000000000        0x0 q:/archivosx86/mplab compiler/avr/bin/../lib/gcc/avr/5.4.0/../../../../avr/lib/avr5/memx-const\libc.a(_Exit.o)
 .bss           0x0000000000000000        0x0 q:/archivosx86/mplab compiler/avr/bin/../lib/gcc/avr/5.4.0/../../../../avr/lib/avr5/memx-const\libc.a(_Exit.o)
 .text          0x0000000000000000        0x0 q:/archivosx86/mplab compiler/avr/bin/../lib/gcc/avr/5.4.0/avr5/memx-const\libgcc.a(_exit.o)
 .data          0x0000000000000000        0x0 q:/archivosx86/mplab compiler/avr/bin/../lib/gcc/avr/5.4.0/avr5/memx-const\libgcc.a(_exit.o)
 .bss           0x0000000000000000        0x0 q:/archivosx86/mplab compiler/avr/bin/../lib/gcc/avr/5.4.0/avr5/memx-const\libgcc.a(_exit.o)
 .text.libgcc.mul
                0x0000000000000000        0x0 q:/archivosx86/mplab compiler/avr/bin/../lib/gcc/avr/5.4.0/avr5/memx-const\libgcc.a(_exit.o)
 .text.libgcc.div
                0x0000000000000000        0x0 q:/archivosx86/mplab compiler/avr/bin/../lib/gcc/avr/5.4.0/avr5/memx-const\libgcc.a(_exit.o)
 .text.libgcc   0x0000000000000000        0x0 q:/archivosx86/mplab compiler/avr/bin/../lib/gcc/avr/5.4.0/avr5/memx-const\libgcc.a(_exit.o)
 .text.libgcc.prologue
                0x0000000000000000        0x0 q:/archivosx86/mplab compiler/avr/bin/../lib/gcc/avr/5.4.0/avr5/memx-const\libgcc.a(_exit.o)
 .stack.descriptors
                0x0000000000000000       0x13 q:/archivosx86/mplab compiler/avr/bin/../lib/gcc/avr/5.4.0/avr5/memx-const\libgcc.a(_exit.o)
 .text.libgcc.builtins
                0x0000000000000000        0x0 q:/archivosx86/mplab compiler/avr/bin/../lib/gcc/avr/5.4.0/avr5/memx-const\libgcc.a(_exit.o)
 .text.libgcc.fmul
                0x0000000000000000        0x0 q:/archivosx86/mplab compiler/avr/bin/../lib/gcc/avr/5.4.0/avr5/memx-const\libgcc.a(_exit.o)
 .text.libgcc.fixed
                0x0000000000000000        0x0 q:/archivosx86/mplab compiler/avr/bin/../lib/gcc/avr/5.4.0/avr5/memx-const\libgcc.a(_exit.o)

Memory Configuration

Name             Origin             Length             Attributes
text             0x0000000000000000 0x0000000000004000 xr
data             0x0000000000800060 0x0000000000000400 rw !x
eeprom           0x0000000000810000 0x0000000000000200 rw !x
fuse             0x0000000000820000 0x0000000000000002 rw !x
lock             0x0000000000830000 0x0000000000000400 rw !x
signature        0x0000000000840000 0x0000000000000400 rw !x
user_signatures  0x0000000000850000 0x0000000000000400 rw !x
*default*        0x0000000000000000 0xffffffffffffffff

Linker script and memory map

LOAD Q:/Archivosx86/MicrochipStudio7/7.0/Packs/atmel/ATmega_DFP/1.7.374/xc8/avr/lib/avr5/memx-const/crtatmega16.o
LOAD Keyboard.o
LOAD LCD.o
LOAD main.o
START GROUP
LOAD q:/archivosx86/mplab compiler/avr/bin/../lib/gcc/avr/5.4.0/../../../../avr/lib/avr5/memx-const\libm.a
END GROUP
START GROUP
LOAD q:/archivosx86/mplab compiler/avr/bin/../lib/gcc/avr/5.4.0/avr5/memx-const\libgcc.a
LOAD q:/archivosx86/mplab compiler/avr/bin/../lib/gcc/avr/5.4.0/../../../../avr/lib/avr5/memx-const\libm.a
LOAD q:/archivosx86/mplab compiler/avr/bin/../lib/gcc/avr/5.4.0/../../../../avr/lib/avr5/memx-const\libc.a
LOAD Q:/Archivosx86/MicrochipStudio7/7.0/Packs/atmel/ATmega_DFP/1.7.374/xc8/avr/lib/avr5/memx-const\libatmega16.a
END GROUP
                0x0000000000000000                __TEXT_REGION_ORIGIN__ = DEFINED (__TEXT_REGION_ORIGIN__)?__TEXT_REGION_ORIGIN__:0x0
                [0x0000000000800060]                __DATA_REGION_ORIGIN__ = DEFINED (__DATA_REGION_ORIGIN__)?__DATA_REGION_ORIGIN__:0x800060
                [0x0000000000004000]                __TEXT_REGION_LENGTH__ = DEFINED (__TEXT_REGION_LENGTH__)?__TEXT_REGION_LENGTH__:0x20000
                [0x0000000000000400]                __DATA_REGION_LENGTH__ = DEFINED (__DATA_REGION_LENGTH__)?__DATA_REGION_LENGTH__:0xffa0
                [0x0000000000000200]                __EEPROM_REGION_LENGTH__ = DEFINED (__EEPROM_REGION_LENGTH__)?__EEPROM_REGION_LENGTH__:0x10000
                [0x0000000000000002]                __FUSE_REGION_LENGTH__ = DEFINED (__FUSE_REGION_LENGTH__)?__FUSE_REGION_LENGTH__:0x400
                0x0000000000000400                __LOCK_REGION_LENGTH__ = DEFINED (__LOCK_REGION_LENGTH__)?__LOCK_REGION_LENGTH__:0x400
                0x0000000000000400                __SIGNATURE_REGION_LENGTH__ = DEFINED (__SIGNATURE_REGION_LENGTH__)?__SIGNATURE_REGION_LENGTH__:0x400
                0x0000000000000400                __USER_SIGNATURE_REGION_LENGTH__ = DEFINED (__USER_SIGNATURE_REGION_LENGTH__)?__USER_SIGNATURE_REGION_LENGTH__:0x400

.hash
 *(.hash)

.dynsym
 *(.dynsym)

.dynstr
 *(.dynstr)

.gnu.version
 *(.gnu.version)

.gnu.version_d
 *(.gnu.version_d)

.gnu.version_r
 *(.gnu.version_r)

.rel.init
 *(.rel.init)

.rela.init
 *(.rela.init)

.rel.text
 *(.rel.text)
 *(.rel.text.*)
 *(.rel.gnu.linkonce.t*)

.rela.text
 *(.rela.text)
 *(.rela.text.*)
 *(.rela.gnu.linkonce.t*)

.rel.fini
 *(.rel.fini)

.rela.fini
 *(.rela.fini)

.rel.rodata
 *(.rel.rodata)
 *(.rel.rodata.*)
 *(.rel.gnu.linkonce.r*)

.rela.rodata
 *(.rela.rodata)
 *(.rela.rodata.*)
 *(.rela.gnu.linkonce.r*)

.rel.data
 *(.rel.data)
 *(.rel.data.*)
 *(.rel.gnu.linkonce.d*)

.rela.data
 *(.rela.data)
 *(.rela.data.*)
 *(.rela.gnu.linkonce.d*)

.rel.ctors
 *(.rel.ctors)

.rela.ctors
 *(.rela.ctors)

.rel.dtors
 *(.rel.dtors)

.rela.dtors
 *(.rela.dtors)

.rel.got
 *(.rel.got)

.rela.got
 *(.rela.got)

.rel.bss
 *(.rel.bss)

.rela.bss
 *(.rela.bss)

.rel.plt
 *(.rel.plt)

.rela.plt
 *(.rela.plt)

.text           0x0000000000000000       0xb0
 *(.vectors)
 .vectors       0x0000000000000000       0x54 Q:/Archivosx86/MicrochipStudio7/7.0/Packs/atmel/ATmega_DFP/1.7.374/xc8/avr/lib/avr5/memx-const/crtatmega16.o
                0x0000000000000000                __vector_default
                0x0000000000000000                __vectors
 *(.vectors)
 *(.progmem.gcc*)
 *(.dinit)
 .dinit         0x0000000000000054        0x7 data_init
                0x000000000000005c                . = ALIGN (0x2)
 *fill*         0x000000000000005b        0x1 
                0x000000000000005c                __trampolines_start = .
 *(.trampolines)
 .trampolines   0x000000000000005c        0x0 linker stubs
 *(.trampolines*)
                0x000000000000005c                __trampolines_end = .
 *libprintf_flt.a:*(.progmem.data)
 *libc.a:*(.progmem.data)
                0x000000000000005c                . = ALIGN (0x2)
 *(.jumptables)
 *(.jumptables*)
 *(.lowtext)
 *(.lowtext*)
                0x000000000000005c                __ctors_start = .
 *(.ctors)
                0x000000000000005c                __ctors_end = .
                0x000000000000005c                __dtors_start = .
 *(.dtors)
                0x000000000000005c                __dtors_end = .
 SORT(*)(.ctors)
 SORT(*)(.dtors)
 *(.init0)
 .init0         0x000000000000005c        0x0 Q:/Archivosx86/MicrochipStudio7/7.0/Packs/atmel/ATmega_DFP/1.7.374/xc8/avr/lib/avr5/memx-const/crtatmega16.o
                0x000000000000005c                __init
 *(.init0)
 *(.init1)
 *(.init1)
 *(.init2)
 .init2         0x000000000000005c        0xc Q:/Archivosx86/MicrochipStudio7/7.0/Packs/atmel/ATmega_DFP/1.7.374/xc8/avr/lib/avr5/memx-const/crtatmega16.o
 *(.init2)
 *(.init3)
 *(.init3)
 *(.init4)
 .init4         0x0000000000000068       0x3c q:/archivosx86/mplab compiler/avr/bin/../lib/gcc/avr/5.4.0/avr5/memx-const\libgcc.a(_copy_data.o)
                0x0000000000000068                __do_copy_data
                0x0000000000000096                __do_clear_bss
 *(.init4)
 *(.init5)
 *(.init5)
 *(.init6)
 *(.init6)
 *(.init7)
 *(.init7)
 *(.init8)
 *(.init8)
 *(.init9)
 .init9         0x00000000000000a4        0x8 Q:/Archivosx86/MicrochipStudio7/7.0/Packs/atmel/ATmega_DFP/1.7.374/xc8/avr/lib/avr5/memx-const/crtatmega16.o
 *(.init9)
                0x00000000000000ac                . = ALIGN (0x2)
 *(.fini9)
 .fini9         0x00000000000000ac        0x0 q:/archivosx86/mplab compiler/avr/bin/../lib/gcc/avr/5.4.0/avr5/memx-const\libgcc.a(_exit.o)
                0x00000000000000ac                _exit
 *(.fini9)
 *(.fini8)
 *(.fini8)
 *(.fini7)
 *(.fini7)
 *(.fini6)
 *(.fini6)
 *(.fini5)
 *(.fini5)
 *(.fini4)
 *(.fini4)
 *(.fini3)
 *(.fini3)
 *(.fini2)
 *(.fini2)
 *(.fini1)
 *(.fini1)
 *(.fini0)
 .fini0         0x00000000000000ac        0x4 q:/archivosx86/mplab compiler/avr/bin/../lib/gcc/avr/5.4.0/avr5/memx-const\libgcc.a(_exit.o)
 *(.fini0)
                0x00000000000000b0                _etext = .

.data           0x0000000000800060        0x0 load address 0x00000000000000b0
                [!provide]                        PROVIDE (__data_start, .)
 *(.gnu.linkonce.d*)
 *(.gnu.linkonce.r*)
                0x0000000000800060                . = ALIGN (0x2)
                0x0000000000800060                _edata = .
                [!provide]                        PROVIDE (__data_end, .)

.bss            0x0000000000800060        0x0
                [!provide]                        PROVIDE (__bss_start, .)
 *(COMMON)
                [!provide]                        PROVIDE (__bss_end, .)
                0x00000000000000b0                __data_load_start = LOADADDR (.data)
                0x00000000000000b0                __data_load_end = (__data_load_start + SIZEOF (.data))

.noinit         0x0000000000800060        0x0
                [!provide]                        PROVIDE (__noinit_start, .)
 *(.noinit*)
                [!provide]                        PROVIDE (__noinit_end, .)
                0x0000000000800060                _end = .

.eeprom         0x0000000000810000        0x0
 *(.eeprom*)
                0x0000000000810000                __eeprom_end = .

.fuse
 *(.fuse)
 *(.lfuse)
 *(.hfuse)
 *(.efuse)

.lock
 *(.lock*)

.signature
 *(.signature*)

.user_signatures
 *(.user_signatures*)

.stab
 *(.stab)

.stabstr
 *(.stabstr)

.stab.excl
 *(.stab.excl)

.stab.exclstr
 *(.stab.exclstr)

.stab.index
 *(.stab.index)

.stab.indexstr
 *(.stab.indexstr)

.comment        0x0000000000000000       0x2f
 *(.comment)
 .comment       0x0000000000000000       0x2f Keyboard.o
                                         0x30 (size before relaxing)
 .comment       0x000000000000002f       0x30 LCD.o
 .comment       0x000000000000002f       0x30 main.o
 .comment       0x000000000000002f       0x30 q:/archivosx86/mplab compiler/avr/bin/../lib/gcc/avr/5.4.0/../../../../avr/lib/avr5/memx-const\libc.a(exit.o)
 .comment       0x000000000000002f       0x30 q:/archivosx86/mplab compiler/avr/bin/../lib/gcc/avr/5.4.0/../../../../avr/lib/avr5/memx-const\libc.a(_Exit.o)

.note.GNU-stack
                0x0000000000000000        0x0
 .note.GNU-stack
                0x0000000000000000        0x0 q:/archivosx86/mplab compiler/avr/bin/../lib/gcc/avr/5.4.0/../../../../avr/lib/avr5/memx-const\libc.a(exit.o)
 .note.GNU-stack
                0x0000000000000000        0x0 q:/archivosx86/mplab compiler/avr/bin/../lib/gcc/avr/5.4.0/../../../../avr/lib/avr5/memx-const\libc.a(_Exit.o)

.stack.descriptors.hdr
                0x0000000000000000        0xe
 .stack.descriptors.hdr
                0x0000000000000000        0xe q:/archivosx86/mplab compiler/avr/bin/../lib/gcc/avr/5.4.0/avr5/memx-const\libgcc.a(_exit.o)

.note.gnu.build-id
 *(.note.gnu.build-id)

.debug
 *(.debug)

.line
 *(.line)

.debug_srcinfo
 *(.debug_srcinfo)

.debug_sfnames
 *(.debug_sfnames)

.debug_aranges  0x0000000000000000      0x118
 *(.debug_aranges)
 .debug_aranges
                0x0000000000000000       0x28 Keyboard.o
 .debug_aranges
                0x0000000000000028       0xd0 LCD.o
 .debug_aranges
                0x00000000000000f8       0x20 main.o

.debug_pubnames
 *(.debug_pubnames)

.debug_info     0x0000000000000000     0x2c77
 *(.debug_info .gnu.linkonce.wi.*)
 .debug_info    0x0000000000000000      0x52e Q:/Archivosx86/MicrochipStudio7/7.0/Packs/atmel/ATmega_DFP/1.7.374/xc8/avr/lib/avr5/memx-const/crtatmega16.o
 .debug_info    0x000000000000052e      0x2cd Keyboard.o
 .debug_info    0x00000000000007fb     0x1f50 LCD.o
 .debug_info    0x000000000000274b      0x52c main.o

.debug_abbrev   0x0000000000000000      0x836
 *(.debug_abbrev)
 .debug_abbrev  0x0000000000000000      0x4e7 Q:/Archivosx86/MicrochipStudio7/7.0/Packs/atmel/ATmega_DFP/1.7.374/xc8/avr/lib/avr5/memx-const/crtatmega16.o
 .debug_abbrev  0x00000000000004e7       0x6d Keyboard.o
 .debug_abbrev  0x0000000000000554      0x19d LCD.o
 .debug_abbrev  0x00000000000006f1      0x145 main.o

.debug_line     0x0000000000000000      0xbb1
 *(.debug_line .debug_line.* .debug_line_end)
 .debug_line    0x0000000000000000      0x119 Q:/Archivosx86/MicrochipStudio7/7.0/Packs/atmel/ATmega_DFP/1.7.374/xc8/avr/lib/avr5/memx-const/crtatmega16.o
 .debug_line    0x0000000000000119      0x12e Keyboard.o
 .debug_line    0x0000000000000247      0x822 LCD.o
 .debug_line    0x0000000000000a69      0x148 main.o

.debug_frame    0x0000000000000000      0x1f0
 *(.debug_frame)
 .debug_frame   0x0000000000000000       0x34 Keyboard.o
 .debug_frame   0x0000000000000034      0x198 LCD.o
 .debug_frame   0x00000000000001cc       0x24 main.o

.debug_str      0x0000000000000000      0x21a
 *(.debug_str)
 .debug_str     0x0000000000000000      0x1af Q:/Archivosx86/MicrochipStudio7/7.0/Packs/atmel/ATmega_DFP/1.7.374/xc8/avr/lib/avr5/memx-const/crtatmega16.o
 .debug_str     0x00000000000001af        0x0 Keyboard.o
 .debug_str     0x00000000000001af        0x9 LCD.o
 .debug_str     0x00000000000001b8       0x62 main.o

.debug_loc      0x0000000000000000     0x18fa
 *(.debug_loc)
 .debug_loc     0x0000000000000000     0x1857 LCD.o
 .debug_loc     0x0000000000001857       0xa3 main.o

.debug_macinfo
 *(.debug_macinfo)

.debug_weaknames
 *(.debug_weaknames)

.debug_funcnames
 *(.debug_funcnames)

.debug_typenames
 *(.debug_typenames)

.debug_varnames
 *(.debug_varnames)

.debug_pubtypes
 *(.debug_pubtypes)

.debug_ranges   0x0000000000000000       0xe8
 *(.debug_ranges)
 .debug_ranges  0x0000000000000000       0x18 Keyboard.o
 .debug_ranges  0x0000000000000018       0xc0 LCD.o
 .debug_ranges  0x00000000000000d8       0x10 main.o

.debug_macro
 *(.debug_macro)
OUTPUT(Keyboard.elf elf32-avr)
LOAD linker stubs
LOAD data_init

.note.gnu.avr.deviceinfo
                0x0000000000000000       0x3c
 .note.gnu.avr.deviceinfo
                0x0000000000000000       0x3c Q:/Archivosx86/MicrochipStudio7/7.0/Packs/atmel/ATmega_DFP/1.7.374/xc8/avr/lib/avr5/memx-const/crtatmega16.o

.text.LEE_TECLADO
                0x00000000000000b0      0x104
 .text.LEE_TECLADO
                0x00000000000000b0      0x104 Keyboard.o
                0x00000000000000b0                LEE_TECLADO

.text.main      0x00000000000001b4       0x74
 .text.main     0x00000000000001b4       0x74 main.o
                0x00000000000001b4                main

.text.ENVIA_CMD
                0x0000000000000228       0x66
 .text.ENVIA_CMD
                0x0000000000000228       0x66 LCD.o
                0x0000000000000228                ENVIA_CMD

.text.ENVIA_DATO
                0x000000000000028e       0x66
 .text.ENVIA_DATO
                0x000000000000028e       0x66 LCD.o
                0x000000000000028e                ENVIA_DATO

.text.ENVIA_CADENA
                0x00000000000002f4       0x2c
 .text.ENVIA_CADENA
                0x00000000000002f4       0x2c LCD.o
                0x00000000000002f4                ENVIA_CADENA

.text.BARRE_TECLADO
                0x0000000000000320       0x28
 .text.BARRE_TECLADO
                0x0000000000000320       0x28 Keyboard.o
                0x0000000000000320                BARRE_TECLADO

.text.LCD_INICIALIZA
                0x0000000000000348       0x26
 .text.LCD_INICIALIZA
                0x0000000000000348       0x26 LCD.o
                0x0000000000000348                LCD_INICIALIZA

.text.exit      0x000000000000036e       0x16
 .text.exit     0x000000000000036e       0x16 q:/archivosx86/mplab compiler/avr/bin/../lib/gcc/avr/5.4.0/../../../../avr/lib/avr5/memx-const\libc.a(exit.o)
                0x000000000000036e                exit

.text.LIMPIA_LCD
                0x0000000000000384        0x8
 .text.LIMPIA_LCD
                0x0000000000000384        0x8 LCD.o
                0x0000000000000384                LIMPIA_LCD

.text.POS_LINEA1
                0x000000000000038c        0x8
 .text.POS_LINEA1
                0x000000000000038c        0x8 LCD.o
                0x000000000000038c                POS_LINEA1

.text.POS_LINEA2
                0x0000000000000394        0x8
 .text.POS_LINEA2
                0x0000000000000394        0x8 LCD.o
                0x0000000000000394                POS_LINEA2

.text           0x000000000000039c        0x4
 .text          0x000000000000039c        0x4 Q:/Archivosx86/MicrochipStudio7/7.0/Packs/atmel/ATmega_DFP/1.7.374/xc8/avr/lib/avr5/memx-const/crtatmega16.o
                0x000000000000039c                __vector_1
                0x000000000000039c                __vector_12
                0x000000000000039c                __bad_interrupt
                0x000000000000039c                __vector_6
                0x000000000000039c                __vector_3
                0x000000000000039c                __vector_11
                0x000000000000039c                __vector_13
                0x000000000000039c                __vector_17
                0x000000000000039c                __vector_19
                0x000000000000039c                __vector_7
                0x000000000000039c                __vector_5
                0x000000000000039c                __vector_4
                0x000000000000039c                __vector_9
                0x000000000000039c                __vector_2
                0x000000000000039c                __vector_15
                0x000000000000039c                __vector_8
                0x000000000000039c                __vector_14
                0x000000000000039c                __vector_10
                0x000000000000039c                __vector_16
                0x000000000000039c                __vector_18
                0x000000000000039c                __vector_20

.text._Exit     0x00000000000003a0        0x4
 .text._Exit    0x00000000000003a0        0x4 q:/archivosx86/mplab compiler/avr/bin/../lib/gcc/avr/5.4.0/../../../../avr/lib/avr5/memx-const\libc.a(_Exit.o)
                0x00000000000003a0                _Exit

.text.__dummy_fini
                0x00000000000003a4        0x2
 .text.__dummy_fini
                0x00000000000003a4        0x2 q:/archivosx86/mplab compiler/avr/bin/../lib/gcc/avr/5.4.0/../../../../avr/lib/avr5/memx-const\libc.a(exit.o)
                0x00000000000003a4                _fini

.text.__dummy_funcs_on_exit
                0x00000000000003a6        0x2
 .text.__dummy_funcs_on_exit
                0x00000000000003a6        0x2 q:/archivosx86/mplab compiler/avr/bin/../lib/gcc/avr/5.4.0/../../../../avr/lib/avr5/memx-const\libc.a(exit.o)
                0x00000000000003a6                __funcs_on_exit

.text.__dummy_simulator_exit
                0x00000000000003a8        0x2
 .text.__dummy_simulator_exit
                0x00000000000003a8        0x2 q:/archivosx86/mplab compiler/avr/bin/../lib/gcc/avr/5.4.0/../../../../avr/lib/avr5/memx-const\libc.a(exit.o)
                0x00000000000003a8                __simulator_exit

.data.mensaje   0x0000000000800060        0xb load address 0x00000000000003aa
 .data.mensaje  0x0000000000800060        0xb main.o
                0x0000000000800060                mensaje

.data.mensaje2  0x000000000080006b        0x8 load address 0x00000000000003b5
 .data.mensaje2
                0x000000000080006b        0x8 main.o
                0x000000000080006b                mensaje2

.data.VALOR_TECLADO
                0x0000000000800073        0x1 load address 0x00000000000003bd
 .data.VALOR_TECLADO
                0x0000000000800073        0x1 Keyboard.o
                0x0000000000800073                VALOR_TECLADO
